=== Clone upstream SlopKit ===
Cloning into '_upstream'...
SlopKit commit: 6153152be0b6a69e7e7931ff1b68523b7fde1429
=== Copy full upstream host ===
=== Build custom outer UI and hosted payload files ===
OK Payload Manager: pldmgr_v0.5.1.elf (2410768 bytes)
OK CheatRunner: CheatRunner.elf (9502120 bytes)
OK Pegasus DL: pegasus_dl.elf (20333680 bytes)
OK Kylin Core: kylin-core.elf (6015672 bytes)
OK Ghostpad: ghostpad.elf (274312 bytes)
OK Kura Loader: kura-loader.elf (8581600 bytes)
OK SVT Play Installer: svtplay-install.elf (149168 bytes)
OK PS5 BAR Tool - Info: ps5-bar-tool_info.elf (111024 bytes)
OK PS5 BAR Tool - Main Segments: ps5-bar-tool_dump_main_segments.elf (111024 bytes)
OK PS5 BAR Tool - Full Dump: ps5-bar-tool_dump_all.elf (111080 bytes)
OK PS5 BAR Tool - Save Data: ps5-bar-tool_savedata.elf (111080 bytes)
OK Ghostcontrol: ghost-control-x10-ds4.elf (371536 bytes)
OK RESTORE_PM: RESTORE_PM.elf (345408 bytes)
OK ProsperoPlayer: ProsperoPlayer_MediaLauncher.elf (20596032 bytes)
OK OnionHEN: OnionHEN.elf (4447288 bytes)
Built UI with 15 hosted ELFs (73471792 bytes)
Added 3 tracked native-app project card(s)
SlopKit exploit/runtime files were not patched
Fresh untouched upstream copy published at /original/
=== Add offline cache around fresh original path ===
Offline cache ready: 36 URLs, 3106001 bytes, fresh untouched SlopKit path, version 18a71b9f926a
=== Validate generated host and upstream identity ===
Byte-identical upstream tree: slopkit/ (9 files)
Byte-identical upstream tree: original/slopkit/ (9 files)
Byte-identical upstream tree: offsets/ (15 files)
Byte-identical upstream tree: original/offsets/ (15 files)
Byte-identical upstream tree: ui/ (0 files)
Byte-identical upstream tree: original/ui/ (0 files)
PASS: /original/ is a byte-for-byte upstream SlopKit copy; 15 hosted ELF files and 3 native-app cards remain outside exploit logic
=== Publish complete static copy to gh-pages ===
To https://github.com/thatboialex/ps5-payload-source.git
 + 604f1b8...3e3c46f gh-pages -> gh-pages (forced update)
=== SUCCESS ===
